2026-05-03 14:15:22 INFO: Running retriever...
2026-05-03 14:15:22 INFO: Trying to find model locally...
2026-05-03 14:15:22 INFO: Loaded model from local cache.
2026-05-03 14:15:22 INFO: Retrieving. Please wait...
2026-05-03 14:15:22 INFO: Running inference...
2026-05-03 14:15:23 INFO: Inference completed. Processed 10 queries.
2026-05-03 14:16:01 INFO: Running retriever...
2026-05-03 14:16:01 INFO: Trying to find model locally...
2026-05-03 14:16:01 INFO: Loaded model from local cache.
2026-05-03 14:16:01 INFO: Retrieving. Please wait...
2026-05-03 14:16:01 INFO: Running inference...
2026-05-03 14:16:02 INFO: Inference completed. Processed 10 queries.
2026-05-03 14:26:10 INFO: Running retriever...
2026-05-03 14:26:10 INFO: Trying to find model locally...
2026-05-03 14:26:10 INFO: Loaded model from local cache.
2026-05-03 14:26:10 INFO: Retrieving. Please wait...
2026-05-03 14:26:10 INFO: Running inference...
2026-05-03 14:26:11 INFO: Inference completed. Processed 10 queries.
2026-05-03 14:27:37 INFO: Running embedder...
2026-05-03 14:27:37 INFO: Trying to find model locally...
2026-05-03 14:27:37 INFO: Loaded model from local cache.
2026-05-03 14:27:37 INFO: Encoding embeddings...
2026-05-03 14:28:32 INFO: Embeddings and index saved to data/index.faiss
2026-05-03 14:32:04 INFO: Running retriever...
2026-05-03 14:32:04 INFO: Trying to find model locally...
2026-05-03 14:32:04 INFO: Loaded model from local cache.
2026-05-03 14:32:04 INFO: Retrieving. Please wait...
2026-05-03 14:32:04 INFO: Running inference...
2026-05-03 14:32:05 INFO: Inference completed. Processed 10 queries.
2026-05-03 14:34:07 INFO: Running retriever...
2026-05-03 14:34:07 INFO: Trying to find model locally...
2026-05-03 14:34:07 INFO: Loaded model from local cache.
2026-05-03 14:34:07 INFO: Running inference...
2026-05-03 14:34:08 INFO: Inference completed. Processed 10 queries.
2026-05-03 14:34:57 INFO: Running retriever...
2026-05-03 14:34:57 INFO: Trying to find model locally...
2026-05-03 14:34:58 INFO: Loaded model from local cache.
2026-05-03 14:34:58 INFO: Running inference...
2026-05-03 14:35:04 INFO: Inference completed. Processed 120 queries.
